// Jest Snapshot v1, https://goo.gl/fbAQLP

exports[`<Posts/> should match snapshot 1`] = `
<div
  class="posts"
>
  <div
    class="post"
  >
    <img
      alt="Title 1"
      src="img/img.png"
    />
    <div
      class="post-content"
    >
      <h1>
        1
      </h1>
      <h2>
        Title 1
      </h2>
      <h3>
        Body 01
      </h3>
    </div>
  </div>
  <div
    class="post"
  >
    <img
      alt="Title 2"
      src="img/img.png"
    />
    <div
      class="post-content"
    >
      <h1>
        2
      </h1>
      <h2>
        Title 2
      </h2>
      <h3>
        Body 02
      </h3>
    </div>
  </div>
  <div
    class="post"
  >
    <img
      alt="Title 3"
      src="img/img3.png"
    />
    <div
      class="post-content"
    >
      <h1>
        3
      </h1>
      <h2>
        Title 3
      </h2>
      <h3>
        Body 02
      </h3>
    </div>
  </div>
</div>
`;
